C:/Users/USER/Desktop/STM32CubeExpansion_LRWAN_V2.1.0/Middlewares/Third_Party/LoRaWAN/Mac/LoRaMacCommands.c:297:24:LoRaMacCommandsInit	8	static
C:/Users/USER/Desktop/STM32CubeExpansion_LRWAN_V2.1.0/Middlewares/Third_Party/LoRaWAN/Mac/LoRaMacCommands.c:307:24:LoRaMacCommandsAddCmd	32	static
C:/Users/USER/Desktop/STM32CubeExpansion_LRWAN_V2.1.0/Middlewares/Third_Party/LoRaWAN/Mac/LoRaMacCommands.c:340:24:LoRaMacCommandsRemoveCmd	8	static
C:/Users/USER/Desktop/STM32CubeExpansion_LRWAN_V2.1.0/Middlewares/Third_Party/LoRaWAN/Mac/LoRaMacCommands.c:364:24:LoRaMacCommandsGetCmd	0	static
C:/Users/USER/Desktop/STM32CubeExpansion_LRWAN_V2.1.0/Middlewares/Third_Party/LoRaWAN/Mac/LoRaMacCommands.c:388:24:LoRaMacCommandsRemoveNoneStickyCmds	8	static
C:/Users/USER/Desktop/STM32CubeExpansion_LRWAN_V2.1.0/Middlewares/Third_Party/LoRaWAN/Mac/LoRaMacCommands.c:414:24:LoRaMacCommandsRemoveStickyAnsCmds	8	static
C:/Users/USER/Desktop/STM32CubeExpansion_LRWAN_V2.1.0/Middlewares/Third_Party/LoRaWAN/Mac/LoRaMacCommands.c:436:24:LoRaMacCommandsGetSizeSerializedCmds	0	static
C:/Users/USER/Desktop/STM32CubeExpansion_LRWAN_V2.1.0/Middlewares/Third_Party/LoRaWAN/Mac/LoRaMacCommands.c:446:24:LoRaMacCommandsSerializeCmds	32	static
C:/Users/USER/Desktop/STM32CubeExpansion_LRWAN_V2.1.0/Middlewares/Third_Party/LoRaWAN/Mac/LoRaMacCommands.c:489:24:LoRaMacCommandsStickyCmdsPending	0	static
C:/Users/USER/Desktop/STM32CubeExpansion_LRWAN_V2.1.0/Middlewares/Third_Party/LoRaWAN/Mac/LoRaMacCommands.c:515:9:LoRaMacCommandsGetCmdSize	0	static
