C:/Users/USER/Desktop/STM32CubeExpansion_LRWAN_V2.1.0/Middlewares/Third_Party/LoRaWAN/Mac/LoRaMacConfirmQueue.c:135:28:GetElement.constprop	16	static
C:/Users/USER/Desktop/STM32CubeExpansion_LRWAN_V2.1.0/Middlewares/Third_Party/LoRaWAN/Mac/LoRaMacConfirmQueue.c:157:6:LoRaMacConfirmQueueInit	8	static
C:/Users/USER/Desktop/STM32CubeExpansion_LRWAN_V2.1.0/Middlewares/Third_Party/LoRaWAN/Mac/LoRaMacConfirmQueue.c:174:6:LoRaMacConfirmQueueAdd	12	static
C:/Users/USER/Desktop/STM32CubeExpansion_LRWAN_V2.1.0/Middlewares/Third_Party/LoRaWAN/Mac/LoRaMacConfirmQueue.c:195:6:LoRaMacConfirmQueueRemoveLast	0	static
C:/Users/USER/Desktop/STM32CubeExpansion_LRWAN_V2.1.0/Middlewares/Third_Party/LoRaWAN/Mac/LoRaMacConfirmQueue.c:210:6:LoRaMacConfirmQueueRemoveFirst	0	static
C:/Users/USER/Desktop/STM32CubeExpansion_LRWAN_V2.1.0/Middlewares/Third_Party/LoRaWAN/Mac/LoRaMacConfirmQueue.c:225:6:LoRaMacConfirmQueueSetStatus	8	static
C:/Users/USER/Desktop/STM32CubeExpansion_LRWAN_V2.1.0/Middlewares/Third_Party/LoRaWAN/Mac/LoRaMacConfirmQueue.c:240:26:LoRaMacConfirmQueueGetStatus	8	static
C:/Users/USER/Desktop/STM32CubeExpansion_LRWAN_V2.1.0/Middlewares/Third_Party/LoRaWAN/Mac/LoRaMacConfirmQueue.c:255:6:LoRaMacConfirmQueueSetStatusCmn	16	static
C:/Users/USER/Desktop/STM32CubeExpansion_LRWAN_V2.1.0/Middlewares/Third_Party/LoRaWAN/Mac/LoRaMacConfirmQueue.c:277:26:LoRaMacConfirmQueueGetStatusCmn	0	static
C:/Users/USER/Desktop/STM32CubeExpansion_LRWAN_V2.1.0/Middlewares/Third_Party/LoRaWAN/Mac/LoRaMacConfirmQueue.c:282:6:LoRaMacConfirmQueueIsCmdActive	8	static
C:/Users/USER/Desktop/STM32CubeExpansion_LRWAN_V2.1.0/Middlewares/Third_Party/LoRaWAN/Mac/LoRaMacConfirmQueue.c:291:6:LoRaMacConfirmQueueHandleCb	40	static
C:/Users/USER/Desktop/STM32CubeExpansion_LRWAN_V2.1.0/Middlewares/Third_Party/LoRaWAN/Mac/LoRaMacConfirmQueue.c:326:9:LoRaMacConfirmQueueGetCnt	0	static
C:/Users/USER/Desktop/STM32CubeExpansion_LRWAN_V2.1.0/Middlewares/Third_Party/LoRaWAN/Mac/LoRaMacConfirmQueue.c:331:6:LoRaMacConfirmQueueIsFull	0	static
