C:/Users/USER/Desktop/STM32CubeExpansion_LRWAN_V2.1.0/Middlewares/Third_Party/LoRaWAN/Mac/Region/RegionKR920.c:97:20:GetTimeOnAir	32	static
C:/Users/USER/Desktop/STM32CubeExpansion_LRWAN_V2.1.0/Middlewares/Third_Party/LoRaWAN/Mac/Region/RegionKR920.c:73:13:VerifyRfFreq	16	static
C:/Users/USER/Desktop/STM32CubeExpansion_LRWAN_V2.1.0/Middlewares/Third_Party/LoRaWAN/Mac/Region/RegionKR920.c:106:12:RegionKR920GetPhyParam	24	static
C:/Users/USER/Desktop/STM32CubeExpansion_LRWAN_V2.1.0/Middlewares/Third_Party/LoRaWAN/Mac/Region/RegionKR920.c:320:6:RegionKR920SetBandTxDone	16	static
C:/Users/USER/Desktop/STM32CubeExpansion_LRWAN_V2.1.0/Middlewares/Third_Party/LoRaWAN/Mac/Region/RegionKR920.c:328:6:RegionKR920InitDefaults	48	static
C:/Users/USER/Desktop/STM32CubeExpansion_LRWAN_V2.1.0/Middlewares/Third_Party/LoRaWAN/Mac/Region/RegionKR920.c:387:6:RegionKR920Verify	8	static
C:/Users/USER/Desktop/STM32CubeExpansion_LRWAN_V2.1.0/Middlewares/Third_Party/LoRaWAN/Mac/Region/RegionKR920.c:487:6:RegionKR920ChanMaskSet	8	static
C:/Users/USER/Desktop/STM32CubeExpansion_LRWAN_V2.1.0/Middlewares/Third_Party/LoRaWAN/Mac/Region/RegionKR920.c:511:6:RegionKR920ComputeRxWindowParameters	40	static
C:/Users/USER/Desktop/STM32CubeExpansion_LRWAN_V2.1.0/Middlewares/Third_Party/LoRaWAN/Mac/Region/RegionKR920.c:526:6:RegionKR920RxConfig	80	static
C:/Users/USER/Desktop/STM32CubeExpansion_LRWAN_V2.1.0/Middlewares/Third_Party/LoRaWAN/Mac/Region/RegionKR920.c:582:6:RegionKR920TxConfig	88	static
C:/Users/USER/Desktop/STM32CubeExpansion_LRWAN_V2.1.0/Middlewares/Third_Party/LoRaWAN/Mac/Region/RegionKR920.c:618:9:RegionKR920LinkAdrReq	96	static
C:/Users/USER/Desktop/STM32CubeExpansion_LRWAN_V2.1.0/Middlewares/Third_Party/LoRaWAN/Mac/Region/RegionKR920.c:725:9:RegionKR920RxParamSetupReq	16	static
C:/Users/USER/Desktop/STM32CubeExpansion_LRWAN_V2.1.0/Middlewares/Third_Party/LoRaWAN/Mac/Region/RegionKR920.c:805:8:RegionKR920TxParamSetupReq	0	static
C:/Users/USER/Desktop/STM32CubeExpansion_LRWAN_V2.1.0/Middlewares/Third_Party/LoRaWAN/Mac/Region/RegionKR920.c:811:8:RegionKR920DlChannelReq	8	static
C:/Users/USER/Desktop/STM32CubeExpansion_LRWAN_V2.1.0/Middlewares/Third_Party/LoRaWAN/Mac/Region/RegionKR920.c:838:8:RegionKR920AlternateDr	0	static
C:/Users/USER/Desktop/STM32CubeExpansion_LRWAN_V2.1.0/Middlewares/Third_Party/LoRaWAN/Mac/Region/RegionKR920.c:847:17:RegionKR920NextChannel	128	static
C:/Users/USER/Desktop/STM32CubeExpansion_LRWAN_V2.1.0/Middlewares/Third_Party/LoRaWAN/Mac/Region/RegionKR920.c:918:17:RegionKR920ChannelAdd	32	static
C:/Users/USER/Desktop/STM32CubeExpansion_LRWAN_V2.1.0/Middlewares/Third_Party/LoRaWAN/Mac/Region/RegionKR920.c:981:6:RegionKR920ChannelsRemove	16	static
C:/Users/USER/Desktop/STM32CubeExpansion_LRWAN_V2.1.0/Middlewares/Third_Party/LoRaWAN/Mac/Region/RegionKR920.c:426:6:RegionKR920ApplyCFList	48	static
C:/Users/USER/Desktop/STM32CubeExpansion_LRWAN_V2.1.0/Middlewares/Third_Party/LoRaWAN/Mac/Region/RegionKR920.c:752:8:RegionKR920NewChannelReq	24	static
C:/Users/USER/Desktop/STM32CubeExpansion_LRWAN_V2.1.0/Middlewares/Third_Party/LoRaWAN/Mac/Region/RegionKR920.c:1000:6:RegionKR920SetContinuousWave	32	static
C:/Users/USER/Desktop/STM32CubeExpansion_LRWAN_V2.1.0/Middlewares/Third_Party/LoRaWAN/Mac/Region/RegionKR920.c:1019:9:RegionKR920ApplyDrOffset	0	static
C:/Users/USER/Desktop/STM32CubeExpansion_LRWAN_V2.1.0/Middlewares/Third_Party/LoRaWAN/Mac/Region/RegionKR920.c:1034:6:RegionKR920RxBeaconSetup	32	static
