C:/Users/USER/Desktop/STM32CubeExpansion_LRWAN_V2.1.0/Middlewares/Third_Party/LoRaWAN/Mac/Region/RegionUS915.c:114:12:RegionUS915GetPhyParam	8	static
C:/Users/USER/Desktop/STM32CubeExpansion_LRWAN_V2.1.0/Middlewares/Third_Party/LoRaWAN/Mac/Region/RegionUS915.c:338:6:RegionUS915SetBandTxDone	0	static
C:/Users/USER/Desktop/STM32CubeExpansion_LRWAN_V2.1.0/Middlewares/Third_Party/LoRaWAN/Mac/Region/RegionUS915.c:346:6:RegionUS915InitDefaults	0	static
C:/Users/USER/Desktop/STM32CubeExpansion_LRWAN_V2.1.0/Middlewares/Third_Party/LoRaWAN/Mac/Region/RegionUS915.c:440:6:RegionUS915Verify	0	static
C:/Users/USER/Desktop/STM32CubeExpansion_LRWAN_V2.1.0/Middlewares/Third_Party/LoRaWAN/Mac/Region/RegionUS915.c:476:6:RegionUS915ApplyCFList	0	static
C:/Users/USER/Desktop/STM32CubeExpansion_LRWAN_V2.1.0/Middlewares/Third_Party/LoRaWAN/Mac/Region/RegionUS915.c:506:6:RegionUS915ChanMaskSet	0	static
C:/Users/USER/Desktop/STM32CubeExpansion_LRWAN_V2.1.0/Middlewares/Third_Party/LoRaWAN/Mac/Region/RegionUS915.c:547:6:RegionUS915ComputeRxWindowParameters	0	static
C:/Users/USER/Desktop/STM32CubeExpansion_LRWAN_V2.1.0/Middlewares/Third_Party/LoRaWAN/Mac/Region/RegionUS915.c:562:6:RegionUS915RxConfig	0	static
C:/Users/USER/Desktop/STM32CubeExpansion_LRWAN_V2.1.0/Middlewares/Third_Party/LoRaWAN/Mac/Region/RegionUS915.c:613:6:RegionUS915TxConfig	0	static
C:/Users/USER/Desktop/STM32CubeExpansion_LRWAN_V2.1.0/Middlewares/Third_Party/LoRaWAN/Mac/Region/RegionUS915.c:645:9:RegionUS915LinkAdrReq	0	static
C:/Users/USER/Desktop/STM32CubeExpansion_LRWAN_V2.1.0/Middlewares/Third_Party/LoRaWAN/Mac/Region/RegionUS915.c:809:9:RegionUS915RxParamSetupReq	0	static
C:/Users/USER/Desktop/STM32CubeExpansion_LRWAN_V2.1.0/Middlewares/Third_Party/LoRaWAN/Mac/Region/RegionUS915.c:841:8:RegionUS915NewChannelReq	0	static
C:/Users/USER/Desktop/STM32CubeExpansion_LRWAN_V2.1.0/Middlewares/Third_Party/LoRaWAN/Mac/Region/RegionUS915.c:847:8:RegionUS915TxParamSetupReq	0	static
C:/Users/USER/Desktop/STM32CubeExpansion_LRWAN_V2.1.0/Middlewares/Third_Party/LoRaWAN/Mac/Region/RegionUS915.c:853:8:RegionUS915DlChannelReq	0	static
C:/Users/USER/Desktop/STM32CubeExpansion_LRWAN_V2.1.0/Middlewares/Third_Party/LoRaWAN/Mac/Region/RegionUS915.c:859:8:RegionUS915AlternateDr	0	static
C:/Users/USER/Desktop/STM32CubeExpansion_LRWAN_V2.1.0/Middlewares/Third_Party/LoRaWAN/Mac/Region/RegionUS915.c:888:17:RegionUS915NextChannel	0	static
C:/Users/USER/Desktop/STM32CubeExpansion_LRWAN_V2.1.0/Middlewares/Third_Party/LoRaWAN/Mac/Region/RegionUS915.c:982:17:RegionUS915ChannelAdd	0	static
C:/Users/USER/Desktop/STM32CubeExpansion_LRWAN_V2.1.0/Middlewares/Third_Party/LoRaWAN/Mac/Region/RegionUS915.c:987:6:RegionUS915ChannelsRemove	0	static
C:/Users/USER/Desktop/STM32CubeExpansion_LRWAN_V2.1.0/Middlewares/Third_Party/LoRaWAN/Mac/Region/RegionUS915.c:992:6:RegionUS915SetContinuousWave	0	static
C:/Users/USER/Desktop/STM32CubeExpansion_LRWAN_V2.1.0/Middlewares/Third_Party/LoRaWAN/Mac/Region/RegionUS915.c:1006:9:RegionUS915ApplyDrOffset	0	static
C:/Users/USER/Desktop/STM32CubeExpansion_LRWAN_V2.1.0/Middlewares/Third_Party/LoRaWAN/Mac/Region/RegionUS915.c:1021:6:RegionUS915RxBeaconSetup	0	static
