C:/Users/USER/Desktop/STM32CubeExpansion_LRWAN_V2.1.0/Middlewares/Third_Party/LoRaWAN/Mac/Region/RegionCommon.c:230:6:RegionCommonChanVerifyDr	32	static
C:/Users/USER/Desktop/STM32CubeExpansion_LRWAN_V2.1.0/Middlewares/Third_Party/LoRaWAN/Mac/Region/RegionCommon.c:255:9:RegionCommonValueInRange	0	static
C:/Users/USER/Desktop/STM32CubeExpansion_LRWAN_V2.1.0/Middlewares/Third_Party/LoRaWAN/Mac/Region/RegionCommon.c:264:6:RegionCommonChanDisable	12	static
C:/Users/USER/Desktop/STM32CubeExpansion_LRWAN_V2.1.0/Middlewares/Third_Party/LoRaWAN/Mac/Region/RegionCommon.c:279:9:RegionCommonCountChannels	32	static
C:/Users/USER/Desktop/STM32CubeExpansion_LRWAN_V2.1.0/Middlewares/Third_Party/LoRaWAN/Mac/Region/RegionCommon.c:296:6:RegionCommonChanMaskCopy	8	static
C:/Users/USER/Desktop/STM32CubeExpansion_LRWAN_V2.1.0/Middlewares/Third_Party/LoRaWAN/Mac/Region/RegionCommon.c:307:6:RegionCommonSetBandTxDone	16	static
C:/Users/USER/Desktop/STM32CubeExpansion_LRWAN_V2.1.0/Middlewares/Third_Party/LoRaWAN/Mac/Region/RegionCommon.c:325:13:RegionCommonUpdateBandTimeOff	96	static
C:/Users/USER/Desktop/STM32CubeExpansion_LRWAN_V2.1.0/Middlewares/Third_Party/LoRaWAN/Mac/Region/RegionCommon.c:420:9:RegionCommonParseLinkAdrReq	8	static
C:/Users/USER/Desktop/STM32CubeExpansion_LRWAN_V2.1.0/Middlewares/Third_Party/LoRaWAN/Mac/Region/RegionCommon.c:444:9:RegionCommonLinkAdrReqVerifyParams	48	static
C:/Users/USER/Desktop/STM32CubeExpansion_LRWAN_V2.1.0/Middlewares/Third_Party/LoRaWAN/Mac/Region/RegionCommon.c:501:10:RegionCommonComputeSymbolTimeLoRa	8	static
C:/Users/USER/Desktop/STM32CubeExpansion_LRWAN_V2.1.0/Middlewares/Third_Party/LoRaWAN/Mac/Region/RegionCommon.c:506:10:RegionCommonComputeSymbolTimeFsk	8	static
C:/Users/USER/Desktop/STM32CubeExpansion_LRWAN_V2.1.0/Middlewares/Third_Party/LoRaWAN/Mac/Region/RegionCommon.c:511:6:RegionCommonComputeRxWindowParameters	16	static
C:/Users/USER/Desktop/STM32CubeExpansion_LRWAN_V2.1.0/Middlewares/Third_Party/LoRaWAN/Mac/Region/RegionCommon.c:519:8:RegionCommonComputeTxPower	16	static
C:/Users/USER/Desktop/STM32CubeExpansion_LRWAN_V2.1.0/Middlewares/Third_Party/LoRaWAN/Mac/Region/RegionCommon.c:528:6:RegionCommonRxBeaconSetup	64	static
C:/Users/USER/Desktop/STM32CubeExpansion_LRWAN_V2.1.0/Middlewares/Third_Party/LoRaWAN/Mac/Region/RegionCommon.c:559:6:RegionCommonCountNbOfEnabledChannels	48	static
C:/Users/USER/Desktop/STM32CubeExpansion_LRWAN_V2.1.0/Middlewares/Third_Party/LoRaWAN/Mac/Region/RegionCommon.c:602:17:RegionCommonIdentifyChannels	48	static
C:/Users/USER/Desktop/STM32CubeExpansion_LRWAN_V2.1.0/Middlewares/Third_Party/LoRaWAN/Mac/Region/RegionCommon.c:646:8:RegionCommonGetNextLowerTxDr	24	static
C:/Users/USER/Desktop/STM32CubeExpansion_LRWAN_V2.1.0/Middlewares/Third_Party/LoRaWAN/Mac/Region/RegionCommon.c:666:8:RegionCommonLimitTxPower	0	static
C:/Users/USER/Desktop/STM32CubeExpansion_LRWAN_V2.1.0/Middlewares/Third_Party/LoRaWAN/Mac/Region/RegionCommon.c:672:10:RegionCommonGetBandwidth	0	static
C:/Users/USER/Desktop/STM32CubeExpansion_LRWAN_V2.1.0/Middlewares/Third_Party/LoRaWAN/Mac/Region/RegionCommon.c:687:6:RegionCommonRxConfigPrint	64	static
C:/Users/USER/Desktop/STM32CubeExpansion_LRWAN_V2.1.0/Middlewares/Third_Party/LoRaWAN/Mac/Region/RegionCommon.c:701:6:RegionCommonTxConfigPrint	16	static
