C:/Users/USER/Desktop/STM32CubeExpansion_LRWAN_V2.1.0/Projects/B-L072Z-LRWAN1/Applications/LoRaWAN/LoRaWAN_End_Node/Core/Src/sys_app.c:313:13:tiny_snprintf_like.constprop	16	static
C:/Users/USER/Desktop/STM32CubeExpansion_LRWAN_V2.1.0/Projects/B-L072Z-LRWAN1/Applications/LoRaWAN/LoRaWAN_End_Node/Core/Src/sys_app.c:238:13:TimestampNow	32	static
C:/Users/USER/Desktop/STM32CubeExpansion_LRWAN_V2.1.0/Projects/B-L072Z-LRWAN1/Applications/LoRaWAN/LoRaWAN_End_Node/Core/Src/sys_app.c:95:6:SystemApp_Init	64	static
C:/Users/USER/Desktop/STM32CubeExpansion_LRWAN_V2.1.0/Projects/B-L072Z-LRWAN1/Applications/LoRaWAN/LoRaWAN_End_Node/Core/Src/sys_app.c:149:6:UTIL_SEQ_Idle	8	static
C:/Users/USER/Desktop/STM32CubeExpansion_LRWAN_V2.1.0/Projects/B-L072Z-LRWAN1/Applications/LoRaWAN/LoRaWAN_End_Node/Core/Src/sys_app.c:160:9:GetBatteryLevel	16	static
C:/Users/USER/Desktop/STM32CubeExpansion_LRWAN_V2.1.0/Projects/B-L072Z-LRWAN1/Applications/LoRaWAN/LoRaWAN_End_Node/Core/Src/sys_app.c:194:10:GetTemperatureLevel	8	static
C:/Users/USER/Desktop/STM32CubeExpansion_LRWAN_V2.1.0/Projects/B-L072Z-LRWAN1/Applications/LoRaWAN/LoRaWAN_End_Node/Core/Src/sys_app.c:205:6:GetUniqueId	16	static
C:/Users/USER/Desktop/STM32CubeExpansion_LRWAN_V2.1.0/Projects/B-L072Z-LRWAN1/Applications/LoRaWAN/LoRaWAN_End_Node/Core/Src/sys_app.c:227:10:GetDevAddr	8	static
C:/Users/USER/Desktop/STM32CubeExpansion_LRWAN_V2.1.0/Projects/B-L072Z-LRWAN1/Applications/LoRaWAN/LoRaWAN_End_Node/Core/Src/sys_app.c:291:6:UTIL_ADV_TRACE_PreSendHook	8	static
C:/Users/USER/Desktop/STM32CubeExpansion_LRWAN_V2.1.0/Projects/B-L072Z-LRWAN1/Applications/LoRaWAN/LoRaWAN_End_Node/Core/Src/sys_app.c:302:6:UTIL_ADV_TRACE_PostSendHook	8	static
C:/Users/USER/Desktop/STM32CubeExpansion_LRWAN_V2.1.0/Projects/B-L072Z-LRWAN1/Applications/LoRaWAN/LoRaWAN_End_Node/Core/Src/sys_app.c:336:19:HAL_InitTick	0	static
C:/Users/USER/Desktop/STM32CubeExpansion_LRWAN_V2.1.0/Projects/B-L072Z-LRWAN1/Applications/LoRaWAN/LoRaWAN_End_Node/Core/Src/sys_app.c:351:10:HAL_GetTick	8	static
C:/Users/USER/Desktop/STM32CubeExpansion_LRWAN_V2.1.0/Projects/B-L072Z-LRWAN1/Applications/LoRaWAN/LoRaWAN_End_Node/Core/Src/sys_app.c:365:6:HAL_Delay	16	static
C:/Users/USER/Desktop/STM32CubeExpansion_LRWAN_V2.1.0/Projects/B-L072Z-LRWAN1/Applications/LoRaWAN/LoRaWAN_End_Node/Core/Src/sys_app.c:376:6:HAL_MSDelay	16	static
