C:/Users/USER/Desktop/STM32CubeExpansion_LRWAN_V2.1.0/Projects/B-L072Z-LRWAN1/Applications/LoRaWAN/LoRaWAN_End_Node/Core/Src/sys_debug.c:97:6:DBG_ConfigForLpm.part.0	8	static
C:/Users/USER/Desktop/STM32CubeExpansion_LRWAN_V2.1.0/Projects/B-L072Z-LRWAN1/Applications/LoRaWAN/LoRaWAN_End_Node/Core/Src/sys_debug.c:65:6:DBG_Disable	8	static
C:/Users/USER/Desktop/STM32CubeExpansion_LRWAN_V2.1.0/Projects/B-L072Z-LRWAN1/Applications/LoRaWAN/LoRaWAN_End_Node/Core/Src/sys_debug.c:97:6:DBG_ConfigForLpm	8	static
C:/Users/USER/Desktop/STM32CubeExpansion_LRWAN_V2.1.0/Projects/B-L072Z-LRWAN1/Applications/LoRaWAN/LoRaWAN_End_Node/Core/Src/sys_debug.c:137:6:DBG_ProbesInit	0	static
