C:/Users/USER/Desktop/STM32CubeExpansion_LRWAN_V2.1.0/Projects/B-L072Z-LRWAN1/Applications/LoRaWAN/LoRaWAN_End_Node/LoRaWAN/Target/b_l072z_lrwan1_bus.c:116:9:BSP_SPI1_DeInit	8	static
C:/Users/USER/Desktop/STM32CubeExpansion_LRWAN_V2.1.0/Projects/B-L072Z-LRWAN1/Applications/LoRaWAN/LoRaWAN_End_Node/LoRaWAN/Target/b_l072z_lrwan1_bus.c:138:9:BSP_SPI1_Send	8	static
C:/Users/USER/Desktop/STM32CubeExpansion_LRWAN_V2.1.0/Projects/B-L072Z-LRWAN1/Applications/LoRaWAN/LoRaWAN_End_Node/LoRaWAN/Target/b_l072z_lrwan1_bus.c:155:10:BSP_SPI1_Recv	8	static
C:/Users/USER/Desktop/STM32CubeExpansion_LRWAN_V2.1.0/Projects/B-L072Z-LRWAN1/Applications/LoRaWAN/LoRaWAN_End_Node/LoRaWAN/Target/b_l072z_lrwan1_bus.c:172:9:BSP_SPI1_SendRecv	16	static
C:/Users/USER/Desktop/STM32CubeExpansion_LRWAN_V2.1.0/Projects/B-L072Z-LRWAN1/Applications/LoRaWAN/LoRaWAN_End_Node/LoRaWAN/Target/b_l072z_lrwan1_bus.c:241:9:BSP_GetTick	8	static
C:/Users/USER/Desktop/STM32CubeExpansion_LRWAN_V2.1.0/Projects/B-L072Z-LRWAN1/Applications/LoRaWAN/LoRaWAN_End_Node/LoRaWAN/Target/b_l072z_lrwan1_bus.c:248:26:MX_SPI1_Init	16	static
C:/Users/USER/Desktop/STM32CubeExpansion_LRWAN_V2.1.0/Projects/B-L072Z-LRWAN1/Applications/LoRaWAN/LoRaWAN_End_Node/LoRaWAN/Target/b_l072z_lrwan1_bus.c:81:9:BSP_SPI1_Init	40	static
C:/Users/USER/Desktop/STM32CubeExpansion_LRWAN_V2.1.0/Projects/B-L072Z-LRWAN1/Applications/LoRaWAN/LoRaWAN_End_Node/LoRaWAN/Target/b_l072z_lrwan1_bus.c:474:9:BSP_I2C1_DeInit	8	static
C:/Users/USER/Desktop/STM32CubeExpansion_LRWAN_V2.1.0/Projects/B-L072Z-LRWAN1/Applications/LoRaWAN/LoRaWAN_End_Node/LoRaWAN/Target/b_l072z_lrwan1_bus.c:502:9:BSP_I2C1_IsReady	8	static
C:/Users/USER/Desktop/STM32CubeExpansion_LRWAN_V2.1.0/Projects/B-L072Z-LRWAN1/Applications/LoRaWAN/LoRaWAN_End_Node/LoRaWAN/Target/b_l072z_lrwan1_bus.c:523:9:BSP_I2C1_WriteReg	32	static
C:/Users/USER/Desktop/STM32CubeExpansion_LRWAN_V2.1.0/Projects/B-L072Z-LRWAN1/Applications/LoRaWAN/LoRaWAN_End_Node/LoRaWAN/Target/b_l072z_lrwan1_bus.c:549:10:BSP_I2C1_ReadReg	32	static
C:/Users/USER/Desktop/STM32CubeExpansion_LRWAN_V2.1.0/Projects/B-L072Z-LRWAN1/Applications/LoRaWAN/LoRaWAN_End_Node/LoRaWAN/Target/b_l072z_lrwan1_bus.c:577:9:BSP_I2C1_WriteReg16	32	static
C:/Users/USER/Desktop/STM32CubeExpansion_LRWAN_V2.1.0/Projects/B-L072Z-LRWAN1/Applications/LoRaWAN/LoRaWAN_End_Node/LoRaWAN/Target/b_l072z_lrwan1_bus.c:602:10:BSP_I2C1_ReadReg16	32	static
C:/Users/USER/Desktop/STM32CubeExpansion_LRWAN_V2.1.0/Projects/B-L072Z-LRWAN1/Applications/LoRaWAN/LoRaWAN_End_Node/LoRaWAN/Target/b_l072z_lrwan1_bus.c:627:9:BSP_I2C1_Send	16	static
C:/Users/USER/Desktop/STM32CubeExpansion_LRWAN_V2.1.0/Projects/B-L072Z-LRWAN1/Applications/LoRaWAN/LoRaWAN_End_Node/LoRaWAN/Target/b_l072z_lrwan1_bus.c:653:9:BSP_I2C1_Recv	16	static
C:/Users/USER/Desktop/STM32CubeExpansion_LRWAN_V2.1.0/Projects/B-L072Z-LRWAN1/Applications/LoRaWAN/LoRaWAN_End_Node/LoRaWAN/Target/b_l072z_lrwan1_bus.c:727:26:MX_I2C1_Init	24	static
C:/Users/USER/Desktop/STM32CubeExpansion_LRWAN_V2.1.0/Projects/B-L072Z-LRWAN1/Applications/LoRaWAN/LoRaWAN_End_Node/LoRaWAN/Target/b_l072z_lrwan1_bus.c:426:9:BSP_I2C1_Init	48	static
