C:/Users/USER/Desktop/STM32CubeExpansion_LRWAN_V2.1.0/Projects/B-L072Z-LRWAN1/Applications/LoRaWAN/LoRaWAN_End_Node/LoRaWAN/App/lora_app.c:413:13:OnTxTimerEvent	8	static
C:/Users/USER/Desktop/STM32CubeExpansion_LRWAN_V2.1.0/Projects/B-L072Z-LRWAN1/Applications/LoRaWAN/LoRaWAN_End_Node/LoRaWAN/App/lora_app.c:504:13:OnMacProcessNotify	8	static
C:/Users/USER/Desktop/STM32CubeExpansion_LRWAN_V2.1.0/Projects/B-L072Z-LRWAN1/Applications/LoRaWAN/LoRaWAN_End_Node/LoRaWAN/App/lora_app.c:320:13:OnRxData	40	static
C:/Users/USER/Desktop/STM32CubeExpansion_LRWAN_V2.1.0/Projects/B-L072Z-LRWAN1/Applications/LoRaWAN/LoRaWAN_End_Node/LoRaWAN/App/lora_app.c:433:13:OnRxTimerLedEvent	8	static
C:/Users/USER/Desktop/STM32CubeExpansion_LRWAN_V2.1.0/Projects/B-L072Z-LRWAN1/Applications/LoRaWAN/LoRaWAN_End_Node/LoRaWAN/App/lora_app.c:428:13:OnTxTimerLedEvent	8	static
C:/Users/USER/Desktop/STM32CubeExpansion_LRWAN_V2.1.0/Projects/B-L072Z-LRWAN1/Applications/LoRaWAN/LoRaWAN_End_Node/LoRaWAN/App/lora_app.c:438:13:OnJoinTimerLedEvent	8	static
C:/Users/USER/Desktop/STM32CubeExpansion_LRWAN_V2.1.0/Projects/B-L072Z-LRWAN1/Applications/LoRaWAN/LoRaWAN_End_Node/LoRaWAN/App/lora_app.c:445:13:OnTxData	24	static
C:/Users/USER/Desktop/STM32CubeExpansion_LRWAN_V2.1.0/Projects/B-L072Z-LRWAN1/Applications/LoRaWAN/LoRaWAN_End_Node/LoRaWAN/App/lora_app.c:475:13:OnJoinRequest	16	static
C:/Users/USER/Desktop/STM32CubeExpansion_LRWAN_V2.1.0/Projects/B-L072Z-LRWAN1/Applications/LoRaWAN/LoRaWAN_End_Node/LoRaWAN/App/lora_app.c:225:6:LoRaWAN_Init	40	static
C:/Users/USER/Desktop/STM32CubeExpansion_LRWAN_V2.1.0/Projects/B-L072Z-LRWAN1/Applications/LoRaWAN/LoRaWAN_End_Node/LoRaWAN/App/lora_app.c:301:6:HAL_GPIO_EXTI_Callback	8	static
C:/Users/USER/Desktop/STM32CubeExpansion_LRWAN_V2.1.0/Projects/B-L072Z-LRWAN1/Applications/LoRaWAN/LoRaWAN_End_Node/LoRaWAN/App/lora_app.c:517:10:ReadUlt	16	static
C:/Users/USER/Desktop/STM32CubeExpansion_LRWAN_V2.1.0/Projects/B-L072Z-LRWAN1/Applications/LoRaWAN/LoRaWAN_End_Node/LoRaWAN/App/lora_app.c:389:13:SendTxData	40	static
